c4r1p7% bash
aismaili@c4r1p7:~/minishell$ ls | ws
ws: command not found
aismaili@c4r1p7:~/minishell$ ls | wc
      7       7      49
aismaili@c4r1p7:~/minishell$ ls | wc -l
7
aismaili@c4r1p7:~/minishell$ ls dk | wc -l
ls: cannot access 'dk': No such file or directory
0
aismaili@c4r1p7:~/minishell$ ls dk | wc
ls: cannot access 'dk': No such file or directory
      0       0       0
aismaili@c4r1p7:~/minishell$ wc
^C
aismaili@c4r1p7:~/minishell$ ls dk | wc | wc
ls: cannot access 'dk': No such file or directory
      1       3      24
aismaili@c4r1p7:~/minishell$ ls dk | wc | wc
ls: cannot access 'dk': No such file or directory
      1       3      24
aismaili@c4r1p7:~/minishell$ ls dk | wc | wc
ls: cannot access 'dk': No such file or directory
      1       3      24
aismaili@c4r1p7:~/minishell$ ls dk | wc | wc | wc
ls: cannot access 'dk': No such file or directory
      1       3      24
aismaili@c4r1p7:~/minishell$ ls dk | wc | wc | wc | wc
ls: cannot access 'dk': No such file or directory
      1       3      24
aismaili@c4r1p7:~/minishell$ ls dk | wc | wc | wc | wc -l
ls: cannot access 'dk': No such file or directory
1
aismaili@c4r1p7:~/minishell$ ls dk | wc | wc | wc | wc | echo

ls: cannot access 'dk': No such file or directory
aismaili@c4r1p7:~/minishell$ ls dk | wc | wc | wc | wc >outttt.txt
ls: cannot access 'dk': No such file or directory
aismaili@c4r1p7:~/minishell$ cat outttt.txt
      1       3      24
aismaili@c4r1p7:~/minishell$ ls dk | wc >outttt.txt
ls: cannot access 'dk': No such file or directory
aismaili@c4r1p7:~/minishell$ ls | > file wc
aismaili@c4r1p7:~/minishell$ cat file
      8       8      60
aismaili@c4r1p7:~/minishell$ ls | > file wc | wc
      0       0       0
aismaili@c4r1p7:~/minishell$ cat file
      8       8      60
aismaili@c4r1p7:~/minishell$ ls | > file wc | wc
      0       0       0
aismaili@c4r1p7:~/minishell$ ls | > file wc | wc
      0       0       0
aismaili@c4r1p7:~/minishell$ ls | > file wc | wc
      0       0       0
aismaili@c4r1p7:~/minishell$ ls | > file wc | wc
      0       0       0
aismaili@c4r1p7:~/minishell$ ls | > file wc | > file2 wc
aismaili@c4r1p7:~/minishell$ ls | > file wc | > file2 wc
aismaili@c4r1p7:~/minishell$ ls | > file wc -l | > file2 wc
aismaili@c4r1p7:~/minishell$ ls | > file wc -l | > file2 wc > file 3
wc: 3: No such file or directory
aismaili@c4r1p7:~/minishell$ ls | > file wc -l | > file2 wc > file3
aismaili@c4r1p7:~/minishell$ ls | > file wc -l | > file2 wc > file3
aismaili@c4r1p7:~/minishell$ ls | > file > file4 wc -l | > file2 wc > file3
aismaili@c4r1p7:~/minishell$ ls >file5 | > file > file4 wc -l | > file2 wc > file3
aismaili@c4r1p7:~/minishell$ ls >file5 | < file > file4 wc -l | > file2 wc > file3
aismaili@c4r1p7:~/minishell$ ls >file5 | > file > file4 wc -l | > file2 wc > file3
aismaili@c4r1p7:~/minishell$ ls >file5 | > file > file4 wc -l | > file2 wc > file3
aismaili@c4r1p7:~/minishell$ ls >file5 | < file > file4 wc -l | > file2 wc > file3
aismaili@c4r1p7:~/minishell$ 

notes
each cmd can take more then one redir
last redir for each cmd is chosen
pipe followed by redir_in: redir_in is chosen instead of the piped input
